[globonoticias.tech/adv95/index.html]
[backblue.gif]
[fade.gif]
[index.html]
[globonoticias.tech/wp-content/themes/twentytwentytwo/style4963.css]
[globonoticias.tech/wp-content/plugins/elementor/assets/lib/eicons/css/elementor-icons.min91ce.css]
[globonoticias.tech/wp-content/plugins/elementor/assets/css/frontend-lite.minac9e.css]
[globonoticias.tech/wp-content/uploads/elementor/css/post-6a4fe.css]
[globonoticias.tech/wp-content/uploads/elementor/css/global6930.css]
[globonoticias.tech/wp-content/uploads/elementor/css/post-5516930.css]
[globonoticias.tech/wp-content/plugins/elementor/assets/lib/font-awesome/css/fontawesome.min52d5.css]
[globonoticias.tech/wp-content/plugins/elementor/assets/lib/font-awesome/css/solid.min52d5.css]
[globonoticias.tech/wp-content/plugins/elementor/assets/lib/font-awesome/css/brands.min52d5.css]
[globonoticias.tech/wp-content/uploads/2022/03/g1-1024x654.png]
[globonoticias.tech/wp-content/uploads/2022/03/g1b.png]
[globonoticias.tech/wp-content/uploads/2022/03/img1.png]
[globonoticias.tech/wp-content/plugins/elementor/assets/css/widget-icon-list.min.css]
[globonoticias.tech/wp-content/uploads/2022/05/1200px-Resveratrol.svg-1024x591.png]
[globonoticias.tech/wp-content/uploads/2022/03/preenchimento-com-a-CC-81cido-hialuronico-1920w.jpg]
[globonoticias.tech/wp-content/uploads/2022/04/IMG_1625.gif]
[globonoticias.tech/wp-content/uploads/2022/03/resultado-01-340782ea-1920w-1.png]
[globonoticias.tech/wp-content/uploads/2022/05/PHOTO-2022-05-24-11-43-23.jpg]
[globonoticias.tech/wp-content/uploads/2022/03/Pele-rejuvenescimento-2-Google-1920w.png]
[globonoticias.tech/wp-content/uploads/2022/03/anvisa2.jpg]
[globonoticias.tech/wp-content/uploads/2022/04/Design-sem-nome-28-2-1024x808.png]
[globonoticias.tech/wp-content/uploads/2022/05/Design-sem-nome-59-1024x1024.png]
[globonoticias.tech/wp-content/uploads/2022/03/images.jpg]
[globonoticias.tech/wp-content/uploads/2022/03/images-3.jpg]
[globonoticias.tech/wp-content/uploads/2022/03/images-1.jpg]
[globonoticias.tech/wp-content/uploads/2022/03/images-2.jpg]
[globonoticias.tech/wp-content/uploads/2022/03/lateral-1920w.png]
[globonoticias.tech/wp-content/plugins/elementor/assets/js/webpack.runtime.minac9e.js]
[globonoticias.tech/wp-includes/js/jquery/jquery.minaf6c.js]
[globonoticias.tech/wp-includes/js/jquery/jquery-migrate.mind617.js]
[globonoticias.tech/wp-content/plugins/elementor/assets/js/frontend-modules.minac9e.js]
[globonoticias.tech/wp-content/plugins/elementor/assets/lib/waypoints/waypoints.min05da.js]
[globonoticias.tech/wp-includes/js/jquery/ui/core.min0028.js]
[globonoticias.tech/adv95/index.html]
[globonoticias.tech/wp-content/themes/twentytwentytwo/style4963.css]
[globonoticias.tech/wp-content/plugins/elementor/assets/lib/eicons/css/elementor-icons.min91ce.css]
[globonoticias.tech/wp-content/plugins/elementor/assets/css/frontend-lite.minac9e.css]
[globonoticias.tech/wp-content/uploads/elementor/css/post-6a4fe.css]
[globonoticias.tech/wp-content/uploads/elementor/css/global6930.css]
[globonoticias.tech/wp-content/uploads/elementor/css/post-5516930.css]
[globonoticias.tech/wp-content/plugins/elementor/assets/lib/font-awesome/css/fontawesome.min52d5.css]
[globonoticias.tech/wp-content/plugins/elementor/assets/lib/font-awesome/css/solid.min52d5.css]
[globonoticias.tech/wp-content/plugins/elementor/assets/lib/font-awesome/css/brands.min52d5.css]
[globonoticias.tech/wp-content/plugins/elementor/assets/css/widget-icon-list.min.css]
[globonoticias.tech/wp-content/plugins/elementor/assets/js/frontend.minac9e.js]
